******************************************************************************
                  TI ARM Linker PC v20.2.7                     
******************************************************************************
>> Linked Thu Feb 27 22:18:50 2025

OUTPUT FILE NAME:   <TM1637-StopWatch.out>
ENTRY POINT SYMBOL: "_c_int00_noargs"  address: 000007b9


MEMORY CONFIGURATION

         name            origin    length      used     unused   attr    fill
----------------------  --------  ---------  --------  --------  ----  --------
  FLASH                 00000000   00040000  00000ed0  0003f130  R  X
  SRAM                  20000000   00008000  00000204  00007dfc  RW X


SEGMENT ALLOCATION MAP

run origin  load origin   length   init length attrs members
----------  ----------- ---------- ----------- ----- -------
00000000    00000000    00000ed8   00000ed8    r-x
  00000000    00000000    0000026c   0000026c    r-- .intvecs
  0000026c    0000026c    0000062c   0000062c    r-x .text
  00000898    00000898    0000001a   0000001a    r-- .const
  000008b4    000008b4    00000170   00000170    r-x .text.GPIOPadConfigSet
  00000a24    00000a24    0000012c   0000012c    r-x .text.SysCtlClockGet
  00000b50    00000b50    00000124   00000124    r-x .text.SysCtlClockSet
  00000c74    00000c74    0000006c   0000006c    r-- .rodata.g_pui32Xtals
  00000ce0    00000ce0    00000060   00000060    r-x .text.IntEnable
  00000d40    00000d40    00000058   00000058    r-x .text.TimerConfigure
  00000d98    00000d98    0000002e   0000002e    r-x .text.GPIODirModeSet
  00000dc6    00000dc6    00000026   00000026    r-x .text.SysCtlPeripheralReady
  00000dec    00000dec    00000022   00000022    r-x .text.SysCtlPeripheralEnable
  00000e0e    00000e0e    0000001c   0000001c    r-x .text.GPIOPinTypeGPIOInput
  00000e2a    00000e2a    0000001c   0000001c    r-x .text.GPIOPinTypeGPIOOutput
  00000e48    00000e48    00000014   00000014    r-- .rodata.g_pui32EnRegs
  00000e5c    00000e5c    00000012   00000012    r-x .text.TimerLoadSet
  00000e6e    00000e6e    00000010   00000010    r-x .text.TimerEnable
  00000e7e    00000e7e    00000016   00000016    r-x .text.IntMasterEnable
  00000e94    00000e94    00000008   00000008    r-x .text.CPUcpsie
  00000e9c    00000e9c    00000008   00000008    r-x .text.SysCtlDelay
  00000ea4    00000ea4    00000008   00000008    r-x .text.TimerIntEnable
  00000eac    00000eac    00000006   00000006    r-x .text.GPIOPinRead
  00000eb2    00000eb2    00000006   00000006    r-x .text.GPIOPinWrite
  00000eb8    00000eb8    00000004   00000004    r-x .text.TimerIntClear
  00000ec0    00000ec0    00000018   00000018    r-- .cinit
20000000    20000000    00000204   00000000    rw-
  20000000    20000000    00000200   00000000    rw- .stack
  20000200    20000200    00000004   00000000    rw- .data


SECTION ALLOCATION MAP

 output                                  attributes/
section   page    origin      length       input sections
--------  ----  ----------  ----------   ----------------
.intvecs   0    00000000    0000026c     
                  00000000    0000026c     tm4c123gh6pm_startup_ccs.obj (.intvecs)

.text      0    0000026c    0000062c     
                  0000026c    00000404     main.obj (.text)
                  00000670    0000009c     rtsv7M4_T_le_v4SPD16_eabi.lib : memcpy_t2.asm.obj (.text)
                  0000070c    00000068                                   : copy_decompress_lzss.c.obj (.text:decompress:lzss:__TI_decompress_lzss)
                  00000774    00000044                                   : autoinit.c.obj (.text:__TI_auto_init_nobinit_nopinit:__TI_auto_init_nobinit_nopinit)
                  000007b8    00000034                                   : boot_cortex_m.c.obj (.text:_c_int00_noargs:_c_int00_noargs)
                  000007ec    0000000e                                   : copy_decompress_none.c.obj (.text:decompress:none:__TI_decompress_none)
                  000007fa    0000000c     tm4c123gh6pm_startup_ccs.obj (.text)
                  00000806    00000004     rtsv7M4_T_le_v4SPD16_eabi.lib : pre_init.c.obj (.text:_system_pre_init)
                  0000080a    00000004                                   : exit.c.obj (.text:abort:abort)
                  0000080e    00000002     --HOLE-- [fill = 0]
                  00000810    00000008     libdriver.a : timer.o (.tramp.TimerIntClear.1)
                  00000818    00000008                 : timer.o (.tramp.TimerEnable.1)
                  00000820    00000008                 : interrupt.o (.tramp.IntEnable.1)
                  00000828    00000008                 : timer.o (.tramp.TimerIntEnable.1)
                  00000830    00000008                 : timer.o (.tramp.TimerLoadSet.1)
                  00000838    00000008                 : sysctl.o (.tramp.SysCtlClockGet.1)
                  00000840    00000008                 : timer.o (.tramp.TimerConfigure.1)
                  00000848    00000008                 : gpio.o (.tramp.GPIOPinRead.1)
                  00000850    00000008                 : gpio.o (.tramp.GPIOPadConfigSet.1)
                  00000858    00000008                 : gpio.o (.tramp.GPIOPinTypeGPIOInput.1)
                  00000860    00000008                 : sysctl.o (.tramp.SysCtlDelay.1)
                  00000868    00000008                 : gpio.o (.tramp.GPIOPinWrite.1)
                  00000870    00000008                 : gpio.o (.tramp.GPIOPinTypeGPIOOutput.1)
                  00000878    00000008                 : sysctl.o (.tramp.SysCtlPeripheralReady.1)
                  00000880    00000008                 : sysctl.o (.tramp.SysCtlPeripheralEnable.1)
                  00000888    00000008                 : interrupt.o (.tramp.IntMasterEnable.1)
                  00000890    00000008                 : sysctl.o (.tramp.SysCtlClockSet.1)

.const     0    00000898    0000001a     
                  00000898    00000010     main.obj (.const:$P$T0$1)
                  000008a8    0000000a     main.obj (.const:.string:digitToSegment)

.text.GPIOPadConfigSet 
*          0    000008b4    00000170     
                  000008b4    00000170     libdriver.a : gpio.o (.text.GPIOPadConfigSet)

.text.SysCtlClockGet 
*          0    00000a24    0000012c     
                  00000a24    0000012c     libdriver.a : sysctl.o (.text.SysCtlClockGet)

.text.SysCtlClockSet 
*          0    00000b50    00000124     
                  00000b50    0000011c     libdriver.a : sysctl.o (.text.SysCtlClockSet)
                  00000c6c    00000008                 : sysctl.o (.tramp.SysCtlDelay.2)

.rodata.g_pui32Xtals 
*          0    00000c74    0000006c     
                  00000c74    0000006c     libdriver.a : sysctl.o (.rodata.g_pui32Xtals)

.text.IntEnable 
*          0    00000ce0    00000060     
                  00000ce0    00000060     libdriver.a : interrupt.o (.text.IntEnable)

.text.TimerConfigure 
*          0    00000d40    00000058     
                  00000d40    00000058     libdriver.a : timer.o (.text.TimerConfigure)

.text.SysCtlPeripheralReady 
*          0    00000dc6    00000026     
                  00000dc6    00000026     libdriver.a : sysctl.o (.text.SysCtlPeripheralReady)

.text.SysCtlPeripheralEnable 
*          0    00000dec    00000022     
                  00000dec    00000022     libdriver.a : sysctl.o (.text.SysCtlPeripheralEnable)

.text.GPIOPinTypeGPIOInput 
*          0    00000e0e    0000001c     
                  00000e0e    0000001c     libdriver.a : gpio.o (.text.GPIOPinTypeGPIOInput)

.text.GPIOPinTypeGPIOOutput 
*          0    00000e2a    0000001c     
                  00000e2a    0000001c     libdriver.a : gpio.o (.text.GPIOPinTypeGPIOOutput)

.rodata.g_pui32EnRegs 
*          0    00000e48    00000014     
                  00000e48    00000014     libdriver.a : interrupt.o (.rodata.g_pui32EnRegs)

.text.TimerLoadSet 
*          0    00000e5c    00000012     
                  00000e5c    00000012     libdriver.a : timer.o (.text.TimerLoadSet)

.text.TimerEnable 
*          0    00000e6e    00000010     
                  00000e6e    00000010     libdriver.a : timer.o (.text.TimerEnable)

.text.IntMasterEnable 
*          0    00000e7e    00000016     
                  00000e7e    0000000e     libdriver.a : interrupt.o (.text.IntMasterEnable)
                  00000e8c    00000008                 : cpu.o (.tramp.CPUcpsie.1)

.text.CPUcpsie 
*          0    00000e94    00000008     
                  00000e94    00000008     libdriver.a : cpu.o (.text.CPUcpsie)

.text.SysCtlDelay 
*          0    00000e9c    00000008     
                  00000e9c    00000008     libdriver.a : sysctl.o (.text.SysCtlDelay)

.text.TimerIntEnable 
*          0    00000ea4    00000008     
                  00000ea4    00000008     libdriver.a : timer.o (.text.TimerIntEnable)

.cinit     0    00000ec0    00000018     
                  00000ec0    00000008     (.cinit..data.load) [load image, compression = lzss]
                  00000ec8    00000008     (__TI_handler_table)
                  00000ed0    00000008     (__TI_cinit_table)

.init_array 
*          0    00000000    00000000     UNINITIALIZED

.data      0    20000200    00000004     UNINITIALIZED
                  20000200    00000004     main.obj (.data)

.stack     0    20000000    00000200     UNINITIALIZED
                  20000000    00000004     rtsv7M4_T_le_v4SPD16_eabi.lib : boot_cortex_m.c.obj (.stack)
                  20000004    000001fc     --HOLE--

__llvm_prf_cnts 
*          0    20000000    00000000     UNINITIALIZED

.text.GPIODirModeSet 
*          0    00000d98    0000002e     
                  00000d98    0000002e     libdriver.a : gpio.o (.text.GPIODirModeSet)

.text.GPIOPinRead 
*          0    00000eac    00000006     
                  00000eac    00000006     libdriver.a : gpio.o (.text.GPIOPinRead)

.text.GPIOPinWrite 
*          0    00000eb2    00000006     
                  00000eb2    00000006     libdriver.a : gpio.o (.text.GPIOPinWrite)

.text.TimerIntClear 
*          0    00000eb8    00000004     
                  00000eb8    00000004     libdriver.a : timer.o (.text.TimerIntClear)

MODULE SUMMARY

       Module                         code   ro data   rw data
       ------                         ----   -------   -------
    .\
       main.obj                       1028   26        4      
       tm4c123gh6pm_startup_ccs.obj   12     620       0      
    +--+------------------------------+------+---------+---------+
       Total:                         1040   646       4      
                                                              
    C:/ti/TivaWare_C_Series-2.2.0.295/driverlib/gcc/libdriver.a
       sysctl.o                       712    108       0      
       gpio.o                         522    0         0      
       timer.o                        174    0         0      
       interrupt.o                    126    20        0      
       cpu.o                          16     0         0      
    +--+------------------------------+------+---------+---------+
       Total:                         1550   128       0      
                                                              
    C:\ti\ccs1240\ccs\tools\compiler\ti-cgt-arm_20.2.7.LTS\lib\rtsv7M4_T_le_v4SPD16_eabi.lib
       memcpy_t2.asm.obj              156    0         0      
       copy_decompress_lzss.c.obj     104    0         0      
       autoinit.c.obj                 68     0         0      
       boot_cortex_m.c.obj            52     0         0      
       copy_decompress_none.c.obj     14     0         0      
       exit.c.obj                     4      0         0      
       pre_init.c.obj                 4      0         0      
    +--+------------------------------+------+---------+---------+
       Total:                         402    0         0      
                                                              
       Stack:                         0      0         512    
       Linker Generated:              0      24        0      
    +--+------------------------------+------+---------+---------+
       Grand Total:                   2992   798       516    


LINKER GENERATED COPY TABLES

__TI_cinit_table @ 00000ed0 records: 1, size/record: 8, table size: 8
	.data: load addr=00000ec0, load size=00000008 bytes, run addr=20000200, run size=00000004 bytes, compression=lzss


LINKER GENERATED HANDLER TABLE

__TI_handler_table @ 00000ec8 records: 2, size/record: 4, table size: 8
	index: 0, handler: __TI_decompress_lzss
	index: 1, handler: __TI_decompress_none


FAR CALL TRAMPOLINES

callee name               trampoline name
   callee addr  tramp addr   call addr  call info
--------------  -----------  ---------  ----------------
TimerIntClear             $Tramp$TT$S$$TimerIntClear
   00000eb9     00000810     000005e2   main.obj (.text)
TimerEnable               $Tramp$TT$S$$TimerEnable
   00000e6f     00000818     000005c2   main.obj (.text)
IntEnable                 $Tramp$TT$S$$IntEnable
   00000ce1     00000820     000005ba   main.obj (.text)
TimerIntEnable            $Tramp$TT$S$$TimerIntEnable
   00000ea5     00000828     000005b4   main.obj (.text)
TimerLoadSet              $Tramp$TT$S$$TimerLoadSet
   00000e5d     00000830     000005ac   main.obj (.text)
SysCtlClockGet            $Tramp$TT$S$$SysCtlClockGet
   00000a25     00000838     000005a2   main.obj (.text)
TimerConfigure            $Tramp$TT$S$$TimerConfigure
   00000d41     00000840     0000059e   main.obj (.text)
GPIOPinRead               $Tramp$TT$S$$GPIOPinRead
   00000ead     00000848     00000516   main.obj (.text)
GPIOPadConfigSet          $Tramp$TT$S$$GPIOPadConfigSet
   000008b5     00000850     000004e0   main.obj (.text)
GPIOPinTypeGPIOInput      $Tramp$TT$S$$GPIOPinTypeGPIOInput
   00000e0f     00000858     000004d4   main.obj (.text)
SysCtlDelay               $Tramp$TT$S$$SysCtlDelay
   00000e9d     00000860     00000310   main.obj (.text)
                             00000322   main.obj (.text)
                             00000342   main.obj (.text)
                             00000354   main.obj (.text)
                             00000382   main.obj (.text)
                             000003a6   main.obj (.text)
                             000003b8   main.obj (.text)
                             000003d6   main.obj (.text)
                             000003e8   main.obj (.text)
                             00000548   main.obj (.text)
GPIOPinWrite              $Tramp$TT$S$$GPIOPinWrite
   00000eb3     00000868     000002f0   main.obj (.text)
                             000002fe   main.obj (.text)
                             00000308   main.obj (.text)
                             0000031a   main.obj (.text)
                             00000330   main.obj (.text)
                             0000033a   main.obj (.text)
                             0000034c   main.obj (.text)
                             0000035e   main.obj (.text)
                             0000037a   main.obj (.text)
                             0000039e   main.obj (.text)
                             000003b0   main.obj (.text)
                             000003ce   main.obj (.text)
                             000003e0   main.obj (.text)
                             000004cc   main.obj (.text)
                             0000050e   main.obj (.text)
                             00000542   main.obj (.text)
                             00000578   main.obj (.text)
GPIOPinTypeGPIOOutput     $Tramp$TT$S$$GPIOPinTypeGPIOOutput
   00000e2b     00000870     000002e6   main.obj (.text)
                             000004c2   main.obj (.text)
SysCtlPeripheralReady     $Tramp$TT$S$$SysCtlPeripheralReady
   00000dc7     00000878     000002da   main.obj (.text)
                             000004ac   main.obj (.text)
                             000004b6   main.obj (.text)
                             00000592   main.obj (.text)
SysCtlPeripheralEnable    $Tramp$TT$S$$SysCtlPeripheralEnable
   00000ded     00000880     000002d4   main.obj (.text)
                             000004a0   main.obj (.text)
                             000004a6   main.obj (.text)
                             0000058c   main.obj (.text)
IntMasterEnable           $Tramp$TT$S$$IntMasterEnable
   00000e7f     00000888     00000280   main.obj (.text)
SysCtlClockSet            $Tramp$TT$S$$SysCtlClockSet
   00000b51     00000890     00000270   main.obj (.text)
CPUcpsie                  $Tramp$TT$S$$CPUcpsie
   00000e95     00000e8c     00000e80   libdriver.a : interrupt.o (.text.IntMasterEnable)
SysCtlDelay               $Tramp$TT$S$$SysCtlDelay
   00000e9d     00000c6c     00000c44   libdriver.a : sysctl.o (.text.SysCtlClockSet)

[19 trampolines]
[51 trampoline calls]


GLOBAL SYMBOLS: SORTED ALPHABETICALLY BY Name 

address   name                          
-------   ----                          
0000080b  C$$EXIT                       
00000e95  CPUcpsie                      
00000d99  GPIODirModeSet                
000008b5  GPIOPadConfigSet              
00000ead  GPIOPinRead                   
00000e0f  GPIOPinTypeGPIOInput          
00000e2b  GPIOPinTypeGPIOOutput         
00000eb3  GPIOPinWrite                  
00000ce1  IntEnable                     
00000e7f  IntMasterEnable               
000004e7  Keypad_GetKey                 
0000049d  Keypad_Init                   
000007fb  ResetISR                      
00000a25  SysCtlClockGet                
00000b51  SysCtlClockSet                
00000e9d  SysCtlDelay                   
00000ded  SysCtlPeripheralEnable        
00000dc7  SysCtlPeripheralReady         
000003ef  TM1637_Display                
000002d1  TM1637_Init                   
00000365  TM1637_SendByte               
000002f7  TM1637_Start                  
00000329  TM1637_Stop                   
000005dd  Timer0A_Handler               
00000589  Timer0_Init                   
00000d41  TimerConfigure                
00000e6f  TimerEnable                   
00000eb9  TimerIntClear                 
00000ea5  TimerIntEnable                
00000e5d  TimerLoadSet                  
20000200  __STACK_END                   
00000200  __STACK_SIZE                  
20000200  __STACK_TOP                   
00000ed0  __TI_CINIT_Base               
00000ed8  __TI_CINIT_Limit              
00000ec8  __TI_Handler_Table_Base       
00000ed0  __TI_Handler_Table_Limit      
00000775  __TI_auto_init_nobinit_nopinit
0000070d  __TI_decompress_lzss          
000007ed  __TI_decompress_none          
ffffffff  __TI_pprof_out_hndl           
ffffffff  __TI_prof_data_size           
ffffffff  __TI_prof_data_start          
00000000  __TI_static_base__            
00000671  __aeabi_memcpy                
00000671  __aeabi_memcpy4               
00000671  __aeabi_memcpy8               
ffffffff  __binit__                     
ffffffff  __c_args__                    
UNDEFED   __mpu_init                    
20000000  __stack                       
20000000  __start___llvm_prf_cnts       
20000000  __stop___llvm_prf_cnts        
000007b9  _c_int00_noargs               
UNDEFED   _system_post_cinit            
00000807  _system_pre_init              
0000080b  abort                         
ffffffff  binit                         
20000203  colon                         
000008a8  digitToSegment                
00000000  g_pfnVectors                  
0000026d  main                          
00000671  memcpy                        
20000201  minutes                       
20000202  running                       
20000200  seconds                       


GLOBAL SYMBOLS: SORTED BY Symbol Address 

address   name                          
-------   ----                          
00000000  __TI_static_base__            
00000000  g_pfnVectors                  
00000200  __STACK_SIZE                  
0000026d  main                          
000002d1  TM1637_Init                   
000002f7  TM1637_Start                  
00000329  TM1637_Stop                   
00000365  TM1637_SendByte               
000003ef  TM1637_Display                
0000049d  Keypad_Init                   
000004e7  Keypad_GetKey                 
00000589  Timer0_Init                   
000005dd  Timer0A_Handler               
00000671  __aeabi_memcpy                
00000671  __aeabi_memcpy4               
00000671  __aeabi_memcpy8               
00000671  memcpy                        
0000070d  __TI_decompress_lzss          
00000775  __TI_auto_init_nobinit_nopinit
000007b9  _c_int00_noargs               
000007ed  __TI_decompress_none          
000007fb  ResetISR                      
00000807  _system_pre_init              
0000080b  C$$EXIT                       
0000080b  abort                         
000008a8  digitToSegment                
000008b5  GPIOPadConfigSet              
00000a25  SysCtlClockGet                
00000b51  SysCtlClockSet                
00000ce1  IntEnable                     
00000d41  TimerConfigure                
00000d99  GPIODirModeSet                
00000dc7  SysCtlPeripheralReady         
00000ded  SysCtlPeripheralEnable        
00000e0f  GPIOPinTypeGPIOInput          
00000e2b  GPIOPinTypeGPIOOutput         
00000e5d  TimerLoadSet                  
00000e6f  TimerEnable                   
00000e7f  IntMasterEnable               
00000e95  CPUcpsie                      
00000e9d  SysCtlDelay                   
00000ea5  TimerIntEnable                
00000ead  GPIOPinRead                   
00000eb3  GPIOPinWrite                  
00000eb9  TimerIntClear                 
00000ec8  __TI_Handler_Table_Base       
00000ed0  __TI_CINIT_Base               
00000ed0  __TI_Handler_Table_Limit      
00000ed8  __TI_CINIT_Limit              
20000000  __stack                       
20000000  __start___llvm_prf_cnts       
20000000  __stop___llvm_prf_cnts        
20000200  __STACK_END                   
20000200  __STACK_TOP                   
20000200  seconds                       
20000201  minutes                       
20000202  running                       
20000203  colon                         
ffffffff  __TI_pprof_out_hndl           
ffffffff  __TI_prof_data_size           
ffffffff  __TI_prof_data_start          
ffffffff  __binit__                     
ffffffff  __c_args__                    
ffffffff  binit                         
UNDEFED   __mpu_init                    
UNDEFED   _system_post_cinit            

[66 symbols]
